src/routes/health.ts(27,9): error TS2353: Object literal may only specify known properties, and 'description' does not exist in type 'FastifySchema'.
src/routes/health.ts(66,9): error TS2353: Object literal may only specify known properties, and 'description' does not exist in type 'FastifySchema'.
undefined
C:\Users\STRAT167\MicroAPI\apps\api-gateway:
ΓÇëERR_PNPM_RECURSIVE_EXEC_FIRST_FAILΓÇë Command failed with exit code 2: tsc --noEmit
