src/routes/health.ts(36,9): error TS2353: Object literal may only specify known properties, and 'description' does not exist in type 'FastifySchema'.
src/routes/health.ts(63,9): error TS2353: Object literal may only specify known properties, and 'description' does not exist in type 'FastifySchema'.
src/routes/health.ts(95,9): error TS2353: Object literal may only specify known properties, and 'description' does not exist in type 'FastifySchema'.
src/server.ts(30,5): error TS2769: No overload matches this call.
  The last overload gave the following error.
    Type 'LoggerOptions<never, boolean> | { level: string; transport: object; }' is not assignable to type 'boolean | FastifyBaseLogger | (FastifyLoggerOptions<Server<typeof IncomingMessage, typeof ServerResponse>, FastifyRequest<RouteGenericInterface, ... 6 more ..., ResolveFastifyRequestType<...>>, FastifyReply<...>> & PinoLoggerOptions) | undefined'.
      Type '{ level: string; transport: object; }' is not assignable to type 'boolean | FastifyBaseLogger | (FastifyLoggerOptions<Server<typeof IncomingMessage, typeof ServerResponse>, FastifyRequest<RouteGenericInterface, ... 6 more ..., ResolveFastifyRequestType<...>>, FastifyReply<...>> & PinoLoggerOptions) | undefined'.
        Type '{ level: string; transport: object; }' is not assignable to type 'FastifyLoggerOptions<Server<typeof IncomingMessage, typeof ServerResponse>, FastifyRequest<RouteGenericInterface, Server<typeof IncomingMessage, typeof ServerResponse>, ... 5 more ..., ResolveFastifyRequestType<...>>, FastifyReply<...>> & PinoLoggerOptions'.
          Type '{ level: string; transport: object; }' is not assignable to type 'PinoLoggerOptions'.
            Types of property 'transport' are incompatible.
              Type 'object' is not assignable to type 'TransportSingleOptions<Record<string, any>> | TransportMultiOptions<Record<string, any>> | TransportPipelineOptions<Record<string, any>> | undefined'.
src/server.ts(105,3): error TS2322: Type 'FastifyInstance<Http2SecureServer<typeof IncomingMessage, typeof ServerResponse, typeof Http2ServerRequest, typeof Http2ServerResponse>, Http2ServerRequest, Http2ServerResponse<...>, FastifyBaseLogger, FastifyTypeProviderDefault>' is not assignable to type 'FastifyInstance<RawServerDefault, IncomingMessage, ServerResponse<IncomingMessage>, FastifyBaseLogger, FastifyTypeProviderDefault>'.
  Types of property 'server' are incompatible.
    Type 'Http2SecureServer<typeof IncomingMessage, typeof ServerResponse, typeof Http2ServerRequest, typeof Http2ServerResponse>' is missing the following properties from type 'Server<typeof IncomingMessage, typeof ServerResponse>': maxHeadersCount, maxRequestsPerSocket, timeout, headersTimeout, and 4 more.
undefined
C:\Users\STRAT167\MicroAPI\apps\api-gateway:
ΓÇëERR_PNPM_RECURSIVE_EXEC_FIRST_FAILΓÇë Command failed with exit code 2: tsc --noEmit
