
> api-gateway@1.0.0 test C:\Users\STRAT167\MicroAPI\apps\api-gateway
> vitest run

node.exe : [33mThe CJS build of Vite's Node API is deprecated. See 
https://vite.dev/guide/troubleshooting.html#vite-cjs-node-api-deprecated for more 
details.[39m
At C:\Users\STRAT167\AppData\Roaming\npm\pnpm.ps1:24 char:5
+     & "node$exe"  "$basedir/node_modules/pnpm/bin/pnpm.cjs" $args
+     ~~~~~~~~~~~~~~~~~~~~~~~~~~~~~~~~~~~~~~~~~~~~~~~~~~~~~~~~~~~~~
    + CategoryInfo          : NotSpecified: ([33mThe CJS bu...e details.[39m:String) 
    [], RemoteException
    + FullyQualifiedErrorId : NativeCommandError
 

[7m[1m[36m RUN [39m[22m[27m [36mv1.6.1[39m [90mC:/Users/STRAT167/MicroAPI/apps/api-gateway[39m

[90mstderr[2m | parseEnv 
(C:\Users\STRAT167\MicroAPI\apps\api-gateway\src\config\env.ts:39:13)[22m[39m
Γ¥î Invalid environment variables:

[90mstderr[2m | src\config\env.ts:41:15[22m[39m
  ΓÇó JWT_SECRET: Required

[90mstderr[2m | parseEnv 
(C:\Users\STRAT167\MicroAPI\apps\api-gateway\src\config\env.ts:43:13)[22m[39m

See .env.example for required variables.


[90mstderr[2m | parseEnv 
(C:\Users\STRAT167\MicroAPI\apps\api-gateway\src\config\env.ts:44:13)[22m[39m
Diagnostic issues: [
  {
    "code": "invalid_type",
    "expected": "string",
    "received": "undefined",
    "path": [
      "JWT_SECRET"
    ],
    "message": "Required"
  }
]

[90mstderr[2m | parseEnv 
(C:\Users\STRAT167\MicroAPI\apps\api-gateway\src\config\env.ts:46:15)[22m[39m
ΓÜá∩╕Å Environment validation failed during tests. Using default test values.

 [32mΓ£ô[39m src/__test__/server.test.ts[2m > [22mAPI Gateway ΓÇö Day 2[2m > [22mGET /health[2m > [22mreturns 200 with expected shape
 [32mΓ£ô[39m src/__test__/server.test.ts[2m > [22mAPI Gateway ΓÇö Day 2[2m > [22mGET /health/ready[2m > [22mreturns 200 with checks object
 [31m├ù[39m src/__test__/server.test.ts[2m > [22mAPI Gateway ΓÇö Day 2[2m > [22mGET /health/metrics[2m > [22mreturns process memory stats
[31m   ΓåÆ expected 'v24.13.0' to match /^v18|v20|v22/[39m
 [32mΓ£ô[39m src/__test__/server.test.ts[2m > [22mAPI Gateway ΓÇö Day 2[2m > [22mSecurity headers[2m > [22msets X-Content-Type-Options: nosniff
 [32mΓ£ô[39m src/__test__/server.test.ts[2m > [22mAPI Gateway ΓÇö Day 2[2m > [22mSecurity headers[2m > [22msets X-Frame-Options: DENY
 [32mΓ£ô[39m src/__test__/server.test.ts[2m > [22mAPI Gateway ΓÇö Day 2[2m > [22mSecurity headers[2m > [22mdoes not expose X-Powered-By
 [32mΓ£ô[39m src/__test__/server.test.ts[2m > [22mAPI Gateway ΓÇö Day 2[2m > [22mSecurity headers[2m > [22msets Content-Security-Policy
 [32mΓ£ô[39m src/__test__/server.test.ts[2m > [22mAPI Gateway ΓÇö Day 2[2m > [22mRequest context plugin[2m > [22mreflects X-Request-ID back on the response
 [32mΓ£ô[39m src/__test__/server.test.ts[2m > [22mAPI Gateway ΓÇö Day 2[2m > [22mRequest context plugin[2m > [22mgenerates X-Request-ID when client does not supply one
 [32mΓ£ô[39m src/__test__/server.test.ts[2m > [22mAPI Gateway ΓÇö Day 2[2m > [22mRequest context plugin[2m > [22mreflects X-Correlation-ID on the response
 [31m├ù[39m src/__test__/server.test.ts[2m > [22mAPI Gateway ΓÇö Day 2[2m > [22mRequest context plugin[2m > [22msets Server-Timing header on every response
[31m   ΓåÆ .toMatch() expects to receive a string, but got undefined[39m
 [32mΓ£ô[39m src/__test__/server.test.ts[2m > [22mAPI Gateway ΓÇö Day 2[2m > [22mError handling[2m > [22mreturns 404 with structured body for unknown routes
 [32mΓ£ô[39m src/__test__/server.test.ts[2m > [22mAPI Gateway ΓÇö Day 2[2m > [22mError handling[2m > [22mreturns 404 with requestId in body
 [31m├ù[39m src/__test__/server.test.ts[2m > [22mAPI Gateway ΓÇö Day 2[2m > [22mCORS (development mode)[2m > [22mresponds to OPTIONS preflight with 204
[31m   ΓåÆ expected [ 200, 204 ] to include 500[39m

[31mΓÄ»ΓÄ»ΓÄ»ΓÄ»ΓÄ»ΓÄ»ΓÄ»[1m[7m Failed Tests 3 [27m[22mΓÄ»ΓÄ»ΓÄ»ΓÄ»ΓÄ»ΓÄ»ΓÄ»[39m

[31m[1m[7m FAIL [27m[22m[39m src/__test__/server.test.ts[2m > [22mAPI Gateway 
ΓÇö Day 2[2m > [22mGET /health/metrics[2m > [22mreturns process memory stats
[31m[1mAssertionError[22m: expected 'v24.13.0' to match /^v18|v20|v22/[39m

[32m- Expected:[39m 
/^v18|v20|v22/

[31m+ Received:[39m 
"v24.13.0"

[36m [2mΓ¥»[22m src/__test__/server.test.ts:[2m85:40[22m[39m
[2m Test Files [22m [1m[31m1 failed[39m[22m[90m (1)[39m
[2m      Tests [22m [1m[31m3 failed[39m[22m[2m | [22m[1m[32m11 passed[39m[22m[90m (14)[39m
[2m   Start at [22m 11:28:31
[2m   Duration [22m 1.44s[2m (transform 125ms, setup 0ms, collect 593ms, tests 75ms, environment 0ms, prepare 242ms)[22m

    [90m 83| [39m      [34mexpect[39m(body[33m.[39mmemory[33m.[39mrssMb)[33m.
[39m[34mtoBeGreaterThan[39m([34m0[39m)[33m;[39m
    [90m 84| [39m      [34mexpect[39m(body[33m.[39mprocess[33m.[39mpid)[33m.[
39m[34mtoBe[39m(process[33m.[39mpid)[33m;[39m
    [90m 85| [39m      [34mexpect[39m(body[33m.[39mprocess[33m.[39mnodeVersion)
[33m.[39m[34mtoMatch[39m([36m/^v18|v20|v22/[39m)[33m;[39m
    [90m   | [39m                                       [31m^[39m
    [90m 86| [39m    })[33m;[39m
    [90m 87| [39m  })[33m;[39m

[31m[2mΓÄ»ΓÄ»ΓÄ»ΓÄ»ΓÄ»ΓÄ»ΓÄ»ΓÄ»ΓÄ»ΓÄ»ΓÄ»ΓÄ»ΓÄ»ΓÄ»ΓÄ»ΓÄ»ΓÄ»ΓÄ»ΓÄ»ΓÄ»ΓÄ»ΓÄ»ΓÄ»ΓÄ»[1/3]Γ
Ä»[22m[39m

[31m[1m[7m FAIL [27m[22m[39m src/__test__/server.test.ts[2m > [22mAPI Gateway 
ΓÇö Day 2[2m > [22mRequest context plugin[2m > [22msets Server-Timing header on 
every response
[31m[1mTypeError[22m: .toMatch() expects to receive a string, but got undefined[39m
[36m [2mΓ¥»[22m src/__test__/server.test.ts:[2m146:44[22m[39m
    [90m144| [39m    [34mit[39m([32m'sets Server-Timing header on every 
response'[39m[33m,[39m [35masync[39m () [33m=>[39m {
    [90m145| [39m      [35mconst[39m res [33m=[39m [35mawait[39m 
server[33m.[39m[34minject[39m({ method[33m:[39m [32m'GET'[39m[33m,[39m 
url[33m:[39m [32m'/health'[39m ΓÇª
    [90m146| [39m      [34mexpect[39m(res[33m.[39mheaders[[32m'server-timing'[3
9m])[33m.[39m[34mtoMatch[39m([36m/total;dur=\d+/[39m)[33m;[39m
    [90m   | [39m                                           [31m^[39m
    [90m147| [39m    })[33m;[39m
    [90m148| [39m  })[33m;[39m

[31m[2mΓÄ»ΓÄ»ΓÄ»ΓÄ»ΓÄ»ΓÄ»ΓÄ»ΓÄ»ΓÄ»ΓÄ»ΓÄ»ΓÄ»ΓÄ»ΓÄ»ΓÄ»ΓÄ»ΓÄ»ΓÄ»ΓÄ»ΓÄ»ΓÄ»ΓÄ»ΓÄ»ΓÄ»[2/3]Γ
Ä»[22m[39m

[31m[1m[7m FAIL [27m[22m[39m src/__test__/server.test.ts[2m > [22mAPI Gateway 
ΓÇö Day 2[2m > [22mCORS (development mode)[2m > [22mresponds to OPTIONS preflight 
with 204
[31m[1mAssertionError[22m: expected [ 200, 204 ] to include 500[39m
[36m [2mΓ¥»[22m src/__test__/server.test.ts:[2m188:26[22m[39m
    [90m186| [39m      })[33m;[39m
    [90m187| [39m      [90m// In dev mode all origins are allowed[39m
    [90m188| [39m      [34mexpect[39m([[34m200[39m[33m,[39m 
[34m204[39m])[33m.[39m[34mtoContain[39m(res[33m.[39mstatusCode)[33m;[39m
    [90m   | [39m                         [31m^[39m
    [90m189| [39m    })[33m;[39m
    [90m190| [39m  })[33m;[39m

[31m[2mΓÄ»ΓÄ»ΓÄ»ΓÄ»ΓÄ»ΓÄ»ΓÄ»ΓÄ»ΓÄ»ΓÄ»ΓÄ»ΓÄ»ΓÄ»ΓÄ»ΓÄ»ΓÄ»ΓÄ»ΓÄ»ΓÄ»ΓÄ»ΓÄ»ΓÄ»ΓÄ»ΓÄ»[3/3]Γ
Ä»[22m[39m

C:\Users\STRAT167\MicroAPI\apps\api-gateway:
ΓÇëERR_PNPM_RECURSIVE_RUN_FIRST_FAILΓÇë api-gateway@1.0.0 test: `vitest run`
Exit status 1
